# serializer version: 1
# name: test_load_variants
  dict({
    'numpy': list([
      '1.22',
      '1.22',
    ]),
    'python': list([
      '3.8.* *_cpython',
      '3.9.* *_cpython',
    ]),
    'python_impl': list([
      'cpython',
      'cpython',
    ]),
    'ruby': list([
      '2.5',
    ]),
  })
# ---
